127.0.0.1 - - [09/Jul/2023:22:04:22 +0700] "GET /private/include/cyberblog.php HTTP/1.1" 200 397 "http://127.0.0.1/private/include/" "Mozilla/5.0 (X11; Linux x86_64) AppleWebKit/537.36 (KHTML, like Gecko) Chrome/114.0.0.0 Safari/537.36"
127.0.0.1 - - [09/Jul/2023:22:06:29 +0700] "GET /private/include/cyberblog.php HTTP/1.1" 200 478 "http://127.0.0.1/private/include/" "Mozilla/5.0 (X11; Linux x86_64) AppleWebKit/537.36 (KHTML, like Gecko) Chrome/114.0.0.0 Safari/537.36"
127.0.0.1 - - [09/Jul/2023:22:07:17 +0700] "GET /private/include/cyberblog.php HTTP/1.1" 200 495 "http://127.0.0.1/private/include/" "Mozilla/5.0 (X11; Linux x86_64) AppleWebKit/537.36 (KHTML, like Gecko) Chrome/114.0.0.0 Safari/537.36"
127.0.0.1 - - [09/Jul/2023:22:08:39 +0700] "GET /private/include/cyberblog.php HTTP/1.1" 200 513 "http://127.0.0.1/private/include/" "Mozilla/5.0 (X11; Linux x86_64) AppleWebKit/537.36 (KHTML, like Gecko) Chrome/114.0.0.0 Safari/537.36"
127.0.0.1 - - [09/Jul/2023:22:09:39 +0700] "GET /private/include/cyberblog.php HTTP/1.1" 200 515 "http://127.0.0.1/private/include/" "Mozilla/5.0 (X11; Linux x86_64) AppleWebKit/537.36 (KHTML, like Gecko) Chrome/114.0.0.0 Safari/537.36"
127.0.0.1 - - [09/Jul/2023:22:10:07 +0700] "GET /private/include/cyberblog.php HTTP/1.1" 200 530 "http://127.0.0.1/private/include/" "Mozilla/5.0 (X11; Linux x86_64) AppleWebKit/537.36 (KHTML, like Gecko) Chrome/114.0.0.0 Safari/537.36"
127.0.0.1 - - [09/Jul/2023:22:10:18 +0700] "GET /private/include/cyberblog.php HTTP/1.1" 200 533 "http://127.0.0.1/private/include/" "Mozilla/5.0 (X11; Linux x86_64) AppleWebKit/537.36 (KHTML, like Gecko) Chrome/114.0.0.0 Safari/537.36"
::1 - - [09/Jul/2023:22:10:42 +0700] "GET /private/error.log HTTP/1.1" 200 20414 "http://localhost/private/" "Mozilla/5.0 (X11; Linux x86_64) AppleWebKit/537.36 (KHTML, like Gecko) Chrome/114.0.0.0 Safari/537.36"
127.0.0.1 - - [09/Jul/2023:22:13:06 +0700] "GET /private/include/cyberblog.php HTTP/1.1" 200 539 "http://127.0.0.1/private/include/" "Mozilla/5.0 (X11; Linux x86_64) AppleWebKit/537.36 (KHTML, like Gecko) Chrome/114.0.0.0 Safari/537.36"
127.0.0.1 - - [09/Jul/2023:22:13:17 +0700] "GET /private/include/cyberblog.php HTTP/1.1" 200 543 "http://127.0.0.1/private/include/" "Mozilla/5.0 (X11; Linux x86_64) AppleWebKit/537.36 (KHTML, like Gecko) Chrome/114.0.0.0 Safari/537.36"
127.0.0.1 - - [09/Jul/2023:22:13:37 +0700] "GET /private/include/cyberblog.php HTTP/1.1" 200 553 "http://127.0.0.1/private/include/" "Mozilla/5.0 (X11; Linux x86_64) AppleWebKit/537.36 (KHTML, like Gecko) Chrome/114.0.0.0 Safari/537.36"
127.0.0.1 - - [09/Jul/2023:22:13:52 +0700] "GET /private/include/cyberblog.php HTTP/1.1" 200 554 "http://127.0.0.1/private/include/" "Mozilla/5.0 (X11; Linux x86_64) AppleWebKit/537.36 (KHTML, like Gecko) Chrome/114.0.0.0 Safari/537.36"
127.0.0.1 - - [09/Jul/2023:22:14:08 +0700] "GET /private/include/cyberblog.php HTTP/1.1" 200 556 "http://127.0.0.1/private/include/" "Mozilla/5.0 (X11; Linux x86_64) AppleWebKit/537.36 (KHTML, like Gecko) Chrome/114.0.0.0 Safari/537.36"
127.0.0.1 - - [09/Jul/2023:22:18:16 +0700] "GET /private/include/cyberblog.php HTTP/1.1" 500 185 "http://127.0.0.1/private/include/" "Mozilla/5.0 (X11; Linux x86_64) AppleWebKit/537.36 (KHTML, like Gecko) Chrome/114.0.0.0 Safari/537.36"
127.0.0.1 - - [09/Jul/2023:22:18:17 +0700] "GET /private/include/cyberblog.php HTTP/1.1" 500 185 "http://127.0.0.1/private/include/" "Mozilla/5.0 (X11; Linux x86_64) AppleWebKit/537.36 (KHTML, like Gecko) Chrome/114.0.0.0 Safari/537.36"
::1 - - [09/Jul/2023:22:18:19 +0700] "GET /private/error.log HTTP/1.1" 200 22449 "http://localhost/private/" "Mozilla/5.0 (X11; Linux x86_64) AppleWebKit/537.36 (KHTML, like Gecko) Chrome/114.0.0.0 Safari/537.36"
127.0.0.1 - - [09/Jul/2023:22:18:56 +0700] "GET /private/include/cyberblog.php HTTP/1.1" 500 185 "http://127.0.0.1/private/include/" "Mozilla/5.0 (X11; Linux x86_64) AppleWebKit/537.36 (KHTML, like Gecko) Chrome/114.0.0.0 Safari/537.36"
::1 - - [09/Jul/2023:22:19:00 +0700] "GET /private/error.log HTTP/1.1" 200 22697 "http://localhost/private/" "Mozilla/5.0 (X11; Linux x86_64) AppleWebKit/537.36 (KHTML, like Gecko) Chrome/114.0.0.0 Safari/537.36"
127.0.0.1 - - [09/Jul/2023:22:19:49 +0700] "GET /private/include/cyberblog.php HTTP/1.1" 200 584 "http://127.0.0.1/private/include/" "Mozilla/5.0 (X11; Linux x86_64) AppleWebKit/537.36 (KHTML, like Gecko) Chrome/114.0.0.0 Safari/537.36"
127.0.0.1 - - [09/Jul/2023:22:20:03 +0700] "GET /private/include/cyberblog.php HTTP/1.1" 200 583 "-" "Mozilla/5.0 (X11; Linux x86_64) AppleWebKit/537.36 (KHTML, like Gecko) Chrome/114.0.0.0 Safari/537.36"
127.0.0.1 - - [09/Jul/2023:22:21:11 +0700] "GET /private/include/cyberblog.php HTTP/1.1" 500 185 "http://127.0.0.1/private/include/" "Mozilla/5.0 (X11; Linux x86_64) AppleWebKit/537.36 (KHTML, like Gecko) Chrome/114.0.0.0 Safari/537.36"
127.0.0.1 - - [09/Jul/2023:22:22:04 +0700] "GET /private/include/cyberblog.php HTTP/1.1" 200 563 "http://127.0.0.1/private/include/" "Mozilla/5.0 (X11; Linux x86_64) AppleWebKit/537.36 (KHTML, like Gecko) Chrome/114.0.0.0 Safari/537.36"
127.0.0.1 - - [09/Jul/2023:22:23:08 +0700] "GET /private/include/cyberblog.php HTTP/1.1" 200 575 "http://127.0.0.1/private/include/" "Mozilla/5.0 (X11; Linux x86_64) AppleWebKit/537.36 (KHTML, like Gecko) Chrome/114.0.0.0 Safari/537.36"
127.0.0.1 - - [09/Jul/2023:22:23:45 +0700] "GET /private/include/cyberblog.php HTTP/1.1" 200 604 "http://127.0.0.1/private/include/" "Mozilla/5.0 (X11; Linux x86_64) AppleWebKit/537.36 (KHTML, like Gecko) Chrome/114.0.0.0 Safari/537.36"
127.0.0.1 - - [09/Jul/2023:22:24:01 +0700] "GET /private/include/cyberblog.php HTTP/1.1" 200 601 "http://127.0.0.1/private/include/" "Mozilla/5.0 (X11; Linux x86_64) AppleWebKit/537.36 (KHTML, like Gecko) Chrome/114.0.0.0 Safari/537.36"
127.0.0.1 - - [09/Jul/2023:22:24:26 +0700] "GET /private/include/cyberblog.php HTTP/1.1" 500 185 "http://127.0.0.1/private/include/" "Mozilla/5.0 (X11; Linux x86_64) AppleWebKit/537.36 (KHTML, like Gecko) Chrome/114.0.0.0 Safari/537.36"
127.0.0.1 - - [09/Jul/2023:22:24:35 +0700] "GET /private/include/cyberblog.php HTTP/1.1" 200 606 "http://127.0.0.1/private/include/" "Mozilla/5.0 (X11; Linux x86_64) AppleWebKit/537.36 (KHTML, like Gecko) Chrome/114.0.0.0 Safari/537.36"
127.0.0.1 - - [09/Jul/2023:22:25:09 +0700] "GET /private/include/cyberblog.php HTTP/1.1" 200 606 "http://127.0.0.1/private/include/" "Mozilla/5.0 (X11; Linux x86_64) AppleWebKit/537.36 (KHTML, like Gecko) Chrome/114.0.0.0 Safari/537.36"
127.0.0.1 - - [09/Jul/2023:22:25:19 +0700] "GET /private/include/cyberblog.php HTTP/1.1" 200 607 "-" "Mozilla/5.0 (X11; Linux x86_64) AppleWebKit/537.36 (KHTML, like Gecko) Chrome/114.0.0.0 Safari/537.36"
127.0.0.1 - - [09/Jul/2023:22:25:31 +0700] "GET /private/include/cyberblog.php HTTP/1.1" 200 602 "-" "Mozilla/5.0 (X11; Linux x86_64) AppleWebKit/537.36 (KHTML, like Gecko) Chrome/114.0.0.0 Safari/537.36"
127.0.0.1 - - [09/Jul/2023:22:26:30 +0700] "GET /private/include/cyberblog.php HTTP/1.1" 500 185 "-" "Mozilla/5.0 (X11; Linux x86_64) AppleWebKit/537.36 (KHTML, like Gecko) Chrome/114.0.0.0 Safari/537.36"
127.0.0.1 - - [09/Jul/2023:22:26:41 +0700] "GET /private/include/cyberblog.php HTTP/1.1" 500 185 "-" "Mozilla/5.0 (X11; Linux x86_64) AppleWebKit/537.36 (KHTML, like Gecko) Chrome/114.0.0.0 Safari/537.36"
::1 - - [09/Jul/2023:22:26:43 +0700] "GET /private/error.log HTTP/1.1" 200 26677 "http://localhost/private/" "Mozilla/5.0 (X11; Linux x86_64) AppleWebKit/537.36 (KHTML, like Gecko) Chrome/114.0.0.0 Safari/537.36"
127.0.0.1 - - [09/Jul/2023:22:27:08 +0700] "GET /private/include/cyberblog.php HTTP/1.1" 200 614 "http://127.0.0.1/private/include/" "Mozilla/5.0 (X11; Linux x86_64) AppleWebKit/537.36 (KHTML, like Gecko) Chrome/114.0.0.0 Safari/537.36"
127.0.0.1 - - [09/Jul/2023:22:29:03 +0700] "GET /private/include/cyberblog.php HTTP/1.1" 200 617 "-" "Mozilla/5.0 (X11; Linux x86_64) AppleWebKit/537.36 (KHTML, like Gecko) Chrome/114.0.0.0 Safari/537.36"
127.0.0.1 - - [09/Jul/2023:22:29:04 +0700] "GET /private/include/cyberblog.php HTTP/1.1" 200 616 "-" "Mozilla/5.0 (X11; Linux x86_64) AppleWebKit/537.36 (KHTML, like Gecko) Chrome/114.0.0.0 Safari/537.36"
127.0.0.1 - - [09/Jul/2023:22:29:13 +0700] "GET /private/include/cyberblog.php HTTP/1.1" 200 614 "-" "Mozilla/5.0 (X11; Linux x86_64) AppleWebKit/537.36 (KHTML, like Gecko) Chrome/114.0.0.0 Safari/537.36"
127.0.0.1 - - [09/Jul/2023:22:29:16 +0700] "GET /private/include/cyberblog.php HTTP/1.1" 200 613 "http://127.0.0.1/private/include/" "Mozilla/5.0 (X11; Linux x86_64) AppleWebKit/537.36 (KHTML, like Gecko) Chrome/114.0.0.0 Safari/537.36"
127.0.0.1 - - [09/Jul/2023:22:42:25 +0700] "GET /private/include/cyberblog.php HTTP/1.1" 200 651 "-" "Mozilla/5.0 (X11; Linux x86_64) AppleWebKit/537.36 (KHTML, like Gecko) Chrome/114.0.0.0 Safari/537.36"
127.0.0.1 - - [09/Jul/2023:22:42:35 +0700] "GET /private/include/cyberblog.php HTTP/1.1" 200 653 "-" "Mozilla/5.0 (X11; Linux x86_64) AppleWebKit/537.36 (KHTML, like Gecko) Chrome/114.0.0.0 Safari/537.36"
127.0.0.1 - - [09/Jul/2023:22:44:15 +0700] "GET /private/include/cyberblog.php HTTP/1.1" 200 666 "http://127.0.0.1/private/include/" "Mozilla/5.0 (X11; Linux x86_64) AppleWebKit/537.36 (KHTML, like Gecko) Chrome/114.0.0.0 Safari/537.36"
127.0.0.1 - - [09/Jul/2023:22:44:16 +0700] "GET /private/include/cyberblog.php HTTP/1.1" 200 665 "http://127.0.0.1/private/include/" "Mozilla/5.0 (X11; Linux x86_64) AppleWebKit/537.36 (KHTML, like Gecko) Chrome/114.0.0.0 Safari/537.36"
127.0.0.1 - - [09/Jul/2023:22:45:01 +0700] "GET /private/include/cyberblog.php HTTP/1.1" 200 676 "-" "Mozilla/5.0 (X11; Linux x86_64) AppleWebKit/537.36 (KHTML, like Gecko) Chrome/114.0.0.0 Safari/537.36"
127.0.0.1 - - [09/Jul/2023:22:45:04 +0700] "GET /private/include/cyberblog.php HTTP/1.1" 200 675 "http://127.0.0.1/private/include/" "Mozilla/5.0 (X11; Linux x86_64) AppleWebKit/537.36 (KHTML, like Gecko) Chrome/114.0.0.0 Safari/537.36"
127.0.0.1 - - [09/Jul/2023:22:45:38 +0700] "GET /private/include/cyberblog.php HTTP/1.1" 200 680 "http://127.0.0.1/private/include/" "Mozilla/5.0 (X11; Linux x86_64) AppleWebKit/537.36 (KHTML, like Gecko) Chrome/114.0.0.0 Safari/537.36"
127.0.0.1 - - [09/Jul/2023:22:45:39 +0700] "GET /private/include/cyberblog.php HTTP/1.1" 200 679 "http://127.0.0.1/private/include/" "Mozilla/5.0 (X11; Linux x86_64) AppleWebKit/537.36 (KHTML, like Gecko) Chrome/114.0.0.0 Safari/537.36"
127.0.0.1 - - [09/Jul/2023:22:48:08 +0700] "GET /private/include/cyberblog.php HTTP/1.1" 500 185 "http://127.0.0.1/private/include/" "Mozilla/5.0 (X11; Linux x86_64) AppleWebKit/537.36 (KHTML, like Gecko) Chrome/114.0.0.0 Safari/537.36"
::1 - - [09/Jul/2023:22:48:18 +0700] "GET /private/error.log HTTP/1.1" 200 30688 "http://localhost/private/" "Mozilla/5.0 (X11; Linux x86_64) AppleWebKit/537.36 (KHTML, like Gecko) Chrome/114.0.0.0 Safari/537.36"
127.0.0.1 - - [09/Jul/2023:22:48:32 +0700] "GET /private/include/cyberblog.php HTTP/1.1" 200 707 "-" "Mozilla/5.0 (X11; Linux x86_64) AppleWebKit/537.36 (KHTML, like Gecko) Chrome/114.0.0.0 Safari/537.36"
127.0.0.1 - - [09/Jul/2023:22:48:36 +0700] "GET /private/include/cyberblog.php HTTP/1.1" 200 706 "http://127.0.0.1/private/include/" "Mozilla/5.0 (X11; Linux x86_64) AppleWebKit/537.36 (KHTML, like Gecko) Chrome/114.0.0.0 Safari/537.36"
127.0.0.1 - - [09/Jul/2023:22:49:16 +0700] "GET /private/include/cyberblog.php HTTP/1.1" 200 717 "http://127.0.0.1/private/include/" "Mozilla/5.0 (X11; Linux x86_64) AppleWebKit/537.36 (KHTML, like Gecko) Chrome/114.0.0.0 Safari/537.36"
127.0.0.1 - - [09/Jul/2023:22:49:33 +0700] "GET /private/include/cyberblog.php HTTP/1.1" 200 713 "http://127.0.0.1/private/include/" "Mozilla/5.0 (X11; Linux x86_64) AppleWebKit/537.36 (KHTML, like Gecko) Chrome/114.0.0.0 Safari/537.36"
127.0.0.1 - - [09/Jul/2023:22:50:19 +0700] "GET /private/include/cyberblog.php HTTP/1.1" 200 721 "-" "Mozilla/5.0 (X11; Linux x86_64) AppleWebKit/537.36 (KHTML, like Gecko) Chrome/114.0.0.0 Safari/537.36"
127.0.0.1 - - [09/Jul/2023:22:50:22 +0700] "GET /private/include/cyberblog.php HTTP/1.1" 200 720 "http://127.0.0.1/private/include/" "Mozilla/5.0 (X11; Linux x86_64) AppleWebKit/537.36 (KHTML, like Gecko) Chrome/114.0.0.0 Safari/537.36"
127.0.0.1 - - [09/Jul/2023:22:53:21 +0700] "GET /private/include/cyberblog.php HTTP/1.1" 200 740 "-" "Mozilla/5.0 (X11; Linux x86_64) AppleWebKit/537.36 (KHTML, like Gecko) Chrome/114.0.0.0 Safari/537.36"
127.0.0.1 - - [09/Jul/2023:22:53:51 +0700] "GET /private/include/cyberblog.php HTTP/1.1" 200 740 "-" "Mozilla/5.0 (X11; Linux x86_64) AppleWebKit/537.36 (KHTML, like Gecko) Chrome/114.0.0.0 Safari/537.36"
127.0.0.1 - - [09/Jul/2023:22:54:01 +0700] "GET /private/include/cyberblog.php HTTP/1.1" 200 740 "http://127.0.0.1/private/include/" "Mozilla/5.0 (X11; Linux x86_64) AppleWebKit/537.36 (KHTML, like Gecko) Chrome/114.0.0.0 Safari/537.36"
127.0.0.1 - - [09/Jul/2023:22:54:37 +0700] "GET /private/include/cyberblog.php HTTP/1.1" 200 740 "http://127.0.0.1/private/include/" "Mozilla/5.0 (X11; Linux x86_64) AppleWebKit/537.36 (KHTML, like Gecko) Chrome/114.0.0.0 Safari/537.36"
127.0.0.1 - - [09/Jul/2023:22:54:57 +0700] "GET /private/include/cyberblog.php HTTP/1.1" 200 745 "http://127.0.0.1/private/include/" "Mozilla/5.0 (X11; Linux x86_64) AppleWebKit/537.36 (KHTML, like Gecko) Chrome/114.0.0.0 Safari/537.36"
127.0.0.1 - - [09/Jul/2023:22:56:06 +0700] "GET /private/include/cyberblog.php HTTP/1.1" 200 743 "http://127.0.0.1/private/include/" "Mozilla/5.0 (X11; Linux x86_64) AppleWebKit/537.36 (KHTML, like Gecko) Chrome/114.0.0.0 Safari/537.36"
127.0.0.1 - - [09/Jul/2023:22:56:31 +0700] "GET /private/include/cyberblog.php HTTP/1.1" 200 744 "http://127.0.0.1/private/include/" "Mozilla/5.0 (X11; Linux x86_64) AppleWebKit/537.36 (KHTML, like Gecko) Chrome/114.0.0.0 Safari/537.36"
127.0.0.1 - - [09/Jul/2023:22:59:18 +0700] "GET /private/include/cyberblog.php HTTP/1.1" 200 767 "-" "Mozilla/5.0 (X11; Linux x86_64) AppleWebKit/537.36 (KHTML, like Gecko) Chrome/114.0.0.0 Safari/537.36"
127.0.0.1 - - [09/Jul/2023:22:59:21 +0700] "GET /private/include/cyberblog.php HTTP/1.1" 200 766 "http://127.0.0.1/private/include/" "Mozilla/5.0 (X11; Linux x86_64) AppleWebKit/537.36 (KHTML, like Gecko) Chrome/114.0.0.0 Safari/537.36"
127.0.0.1 - - [09/Jul/2023:23:00:15 +0700] "GET /private/include/cyberblog.php HTTP/1.1" 200 769 "http://127.0.0.1/private/include/" "Mozilla/5.0 (X11; Linux x86_64) AppleWebKit/537.36 (KHTML, like Gecko) Chrome/114.0.0.0 Safari/537.36"
127.0.0.1 - - [09/Jul/2023:23:01:47 +0700] "GET /private/include/cyberblog.php HTTP/1.1" 200 781 "http://127.0.0.1/private/include/" "Mozilla/5.0 (X11; Linux x86_64) AppleWebKit/537.36 (KHTML, like Gecko) Chrome/114.0.0.0 Safari/537.36"
127.0.0.1 - - [09/Jul/2023:23:02:05 +0700] "GET /private/include/cyberblog.php HTTP/1.1" 200 781 "-" "Mozilla/5.0 (X11; Linux x86_64) AppleWebKit/537.36 (KHTML, like Gecko) Chrome/114.0.0.0 Safari/537.36"
127.0.0.1 - - [09/Jul/2023:23:03:51 +0700] "GET /private/include/cyberblog.php HTTP/1.1" 200 781 "http://127.0.0.1/private/include/" "Mozilla/5.0 (X11; Linux x86_64) AppleWebKit/537.36 (KHTML, like Gecko) Chrome/114.0.0.0 Safari/537.36"
127.0.0.1 - - [09/Jul/2023:23:03:52 +0700] "GET /favicon.ico HTTP/1.1" 304 248 "http://127.0.0.1/private/include/cyberblog.php" "Mozilla/5.0 (X11; Linux x86_64) AppleWebKit/537.36 (KHTML, like Gecko) Chrome/114.0.0.0 Safari/537.36"
127.0.0.1 - - [09/Jul/2023:23:04:17 +0700] "GET /private/include/cyberblog.php HTTP/1.1" 200 781 "http://127.0.0.1/private/include/" "Mozilla/5.0 (X11; Linux x86_64) AppleWebKit/537.36 (KHTML, like Gecko) Chrome/114.0.0.0 Safari/537.36"
127.0.0.1 - - [09/Jul/2023:23:05:49 +0700] "GET /private/include/cyberblog.php HTTP/1.1" 200 781 "http://127.0.0.1/private/include/" "Mozilla/5.0 (X11; Linux x86_64) AppleWebKit/537.36 (KHTML, like Gecko) Chrome/114.0.0.0 Safari/537.36"
127.0.0.1 - - [09/Jul/2023:23:08:52 +0700] "GET /private/include/cyberblog.php HTTP/1.1" 200 781 "http://127.0.0.1/private/include/" "Mozilla/5.0 (X11; Linux x86_64) AppleWebKit/537.36 (KHTML, like Gecko) Chrome/114.0.0.0 Safari/537.36"
127.0.0.1 - - [09/Jul/2023:23:09:01 +0700] "GET /private/include/cyberblog.php HTTP/1.1" 200 781 "http://127.0.0.1/private/include/" "Mozilla/5.0 (X11; Linux x86_64) AppleWebKit/537.36 (KHTML, like Gecko) Chrome/114.0.0.0 Safari/537.36"
::1 - - [09/Jul/2023:23:14:23 +0700] "GET /private/error.log HTTP/1.1" 200 37503 "http://localhost/private/" "Mozilla/5.0 (X11; Linux x86_64) AppleWebKit/537.36 (KHTML, like Gecko) Chrome/114.0.0.0 Safari/537.36"
::1 - - [09/Jul/2023:23:14:24 +0700] "GET /favicon.ico HTTP/1.1" 304 248 "http://localhost/private/error.log" "Mozilla/5.0 (X11; Linux x86_64) AppleWebKit/537.36 (KHTML, like Gecko) Chrome/114.0.0.0 Safari/537.36"
127.0.0.1 - - [09/Jul/2023:23:14:27 +0700] "GET /private/include/cyberblog.php HTTP/1.1" 200 781 "http://127.0.0.1/private/include/" "Mozilla/5.0 (X11; Linux x86_64) AppleWebKit/537.36 (KHTML, like Gecko) Chrome/114.0.0.0 Safari/537.36"
127.0.0.1 - - [09/Jul/2023:23:15:07 +0700] "GET /private/include/cyberblog.php HTTP/1.1" 200 789 "http://127.0.0.1/private/include/" "Mozilla/5.0 (X11; Linux x86_64) AppleWebKit/537.36 (KHTML, like Gecko) Chrome/114.0.0.0 Safari/537.36"
127.0.0.1 - - [09/Jul/2023:23:20:39 +0700] "GET /private/include/cyberblog.php HTTP/1.1" 200 789 "http://127.0.0.1/private/include/" "Mozilla/5.0 (X11; Linux x86_64) AppleWebKit/537.36 (KHTML, like Gecko) Chrome/114.0.0.0 Safari/537.36"
127.0.0.1 - - [09/Jul/2023:23:20:40 +0700] "GET /private/include/cyberblog.php HTTP/1.1" 200 788 "http://127.0.0.1/private/include/" "Mozilla/5.0 (X11; Linux x86_64) AppleWebKit/537.36 (KHTML, like Gecko) Chrome/114.0.0.0 Safari/537.36"
::1 - - [09/Jul/2023:23:20:46 +0700] "GET /private/error.log HTTP/1.1" 200 38735 "http://localhost/private/" "Mozilla/5.0 (X11; Linux x86_64) AppleWebKit/537.36 (KHTML, like Gecko) Chrome/114.0.0.0 Safari/537.36"
::1 - - [09/Jul/2023:23:21:22 +0700] "GET /private/error.log HTTP/1.1" 304 250 "http://localhost/private/" "Mozilla/5.0 (X11; Linux x86_64) AppleWebKit/537.36 (KHTML, like Gecko) Chrome/114.0.0.0 Safari/537.36"
127.0.0.1 - - [09/Jul/2023:23:21:28 +0700] "GET /private/include/cyberblog.php HTTP/1.1" 200 789 "http://127.0.0.1/private/include/" "Mozilla/5.0 (X11; Linux x86_64) AppleWebKit/537.36 (KHTML, like Gecko) Chrome/114.0.0.0 Safari/537.36"
127.0.0.1 - - [09/Jul/2023:23:21:28 +0700] "GET /favicon.ico HTTP/1.1" 200 4330 "http://127.0.0.1/private/include/cyberblog.php" "Mozilla/5.0 (X11; Linux x86_64) AppleWebKit/537.36 (KHTML, like Gecko) Chrome/114.0.0.0 Safari/537.36"
127.0.0.1 - - [09/Jul/2023:23:22:37 +0700] "GET /private/include/cyberblog.php HTTP/1.1" 200 789 "http://127.0.0.1/private/include/" "Mozilla/5.0 (X11; Linux x86_64) AppleWebKit/537.36 (KHTML, like Gecko) Chrome/114.0.0.0 Safari/537.36"
127.0.0.1 - - [09/Jul/2023:23:23:00 +0700] "GET /private/include/cyberblog.php HTTP/1.1" 200 789 "http://127.0.0.1/private/include/" "Mozilla/5.0 (X11; Linux x86_64) AppleWebKit/537.36 (KHTML, like Gecko) Chrome/114.0.0.0 Safari/537.36"
127.0.0.1 - - [09/Jul/2023:23:23:01 +0700] "GET /private/include/cyberblog.php HTTP/1.1" 200 788 "http://127.0.0.1/private/include/" "Mozilla/5.0 (X11; Linux x86_64) AppleWebKit/537.36 (KHTML, like Gecko) Chrome/114.0.0.0 Safari/537.36"
127.0.0.1 - - [09/Jul/2023:23:23:28 +0700] "GET /private/include/cyberblog.php HTTP/1.1" 200 789 "http://127.0.0.1/private/include/" "Mozilla/5.0 (X11; Linux x86_64) AppleWebKit/537.36 (KHTML, like Gecko) Chrome/114.0.0.0 Safari/537.36"
127.0.0.1 - - [09/Jul/2023:23:23:30 +0700] "GET /private/include/cyberblog.php HTTP/1.1" 200 788 "http://127.0.0.1/private/include/" "Mozilla/5.0 (X11; Linux x86_64) AppleWebKit/537.36 (KHTML, like Gecko) Chrome/114.0.0.0 Safari/537.36"
127.0.0.1 - - [09/Jul/2023:23:23:32 +0700] "GET /private/include/cyberblog.php HTTP/1.1" 200 788 "http://127.0.0.1/private/include/" "Mozilla/5.0 (X11; Linux x86_64) AppleWebKit/537.36 (KHTML, like Gecko) Chrome/114.0.0.0 Safari/537.36"
127.0.0.1 - - [09/Jul/2023:23:23:50 +0700] "GET /private/include/cyberblog.php HTTP/1.1" 200 781 "http://127.0.0.1/private/include/" "Mozilla/5.0 (X11; Linux x86_64) AppleWebKit/537.36 (KHTML, like Gecko) Chrome/114.0.0.0 Safari/537.36"
127.0.0.1 - - [09/Jul/2023:23:25:05 +0700] "GET /private/include/cyberblog.php HTTP/1.1" 200 781 "http://127.0.0.1/private/include/" "Mozilla/5.0 (X11; Linux x86_64) AppleWebKit/537.36 (KHTML, like Gecko) Chrome/114.0.0.0 Safari/537.36"
127.0.0.1 - - [09/Jul/2023:23:25:49 +0700] "GET /private/include/cyberblog.php HTTP/1.1" 200 797 "http://127.0.0.1/private/include/" "Mozilla/5.0 (X11; Linux x86_64) AppleWebKit/537.36 (KHTML, like Gecko) Chrome/114.0.0.0 Safari/537.36"
127.0.0.1 - - [09/Jul/2023:23:26:17 +0700] "GET /private/include/cyberblog.php HTTP/1.1" 200 781 "http://127.0.0.1/private/include/" "Mozilla/5.0 (X11; Linux x86_64) AppleWebKit/537.36 (KHTML, like Gecko) Chrome/114.0.0.0 Safari/537.36"
127.0.0.1 - - [09/Jul/2023:23:26:49 +0700] "GET /private/include/cyberblog.php HTTP/1.1" 200 814 "http://127.0.0.1/private/include/" "Mozilla/5.0 (X11; Linux x86_64) AppleWebKit/537.36 (KHTML, like Gecko) Chrome/114.0.0.0 Safari/537.36"
127.0.0.1 - - [09/Jul/2023:23:27:25 +0700] "GET /private/include/cyberblog.php HTTP/1.1" 200 442 "http://127.0.0.1/private/include/" "Mozilla/5.0 (X11; Linux x86_64) AppleWebKit/537.36 (KHTML, like Gecko) Chrome/114.0.0.0 Safari/537.36"
::1 - - [09/Jul/2023:23:27:31 +0700] "GET /private/error.log HTTP/1.1" 200 45390 "http://localhost/private/" "Mozilla/5.0 (X11; Linux x86_64) AppleWebKit/537.36 (KHTML, like Gecko) Chrome/114.0.0.0 Safari/537.36"
::1 - - [09/Jul/2023:23:27:31 +0700] "GET /favicon.ico HTTP/1.1" 200 4330 "http://localhost/private/error.log" "Mozilla/5.0 (X11; Linux x86_64) AppleWebKit/537.36 (KHTML, like Gecko) Chrome/114.0.0.0 Safari/537.36"
127.0.0.1 - - [09/Jul/2023:23:27:59 +0700] "GET /private/include/cyberblog.php HTTP/1.1" 200 442 "http://127.0.0.1/private/include/" "Mozilla/5.0 (X11; Linux x86_64) AppleWebKit/537.36 (KHTML, like Gecko) Chrome/114.0.0.0 Safari/537.36"
127.0.0.1 - - [09/Jul/2023:23:28:38 +0700] "GET /private/include/cyberblog.php HTTP/1.1" 200 442 "http://127.0.0.1/private/include/" "Mozilla/5.0 (X11; Linux x86_64) AppleWebKit/537.36 (KHTML, like Gecko) Chrome/114.0.0.0 Safari/537.36"
127.0.0.1 - - [09/Jul/2023:23:28:43 +0700] "GET /private/include/cyberblog.php HTTP/1.1" 200 441 "-" "Mozilla/5.0 (X11; Linux x86_64) AppleWebKit/537.36 (KHTML, like Gecko) Chrome/114.0.0.0 Safari/537.36"
127.0.0.1 - - [09/Jul/2023:23:28:43 +0700] "GET /private/include/cyberblog.php HTTP/1.1" 200 441 "-" "Mozilla/5.0 (X11; Linux x86_64) AppleWebKit/537.36 (KHTML, like Gecko) Chrome/114.0.0.0 Safari/537.36"
127.0.0.1 - - [09/Jul/2023:23:28:44 +0700] "GET /private/include/cyberblog.php HTTP/1.1" 200 441 "-" "Mozilla/5.0 (X11; Linux x86_64) AppleWebKit/537.36 (KHTML, like Gecko) Chrome/114.0.0.0 Safari/537.36"
127.0.0.1 - - [09/Jul/2023:23:29:01 +0700] "GET /private/include/cyberblog.php HTTP/1.1" 200 442 "-" "Mozilla/5.0 (X11; Linux x86_64) AppleWebKit/537.36 (KHTML, like Gecko) Chrome/114.0.0.0 Safari/537.36"
::1 - - [09/Jul/2023:23:29:06 +0700] "GET /private/error.log HTTP/1.1" 200 48608 "http://localhost/private/" "Mozilla/5.0 (X11; Linux x86_64) AppleWebKit/537.36 (KHTML, like Gecko) Chrome/114.0.0.0 Safari/537.36"
127.0.0.1 - - [09/Jul/2023:23:29:22 +0700] "GET /private/include/cyberblog.php HTTP/1.1" 200 442 "http://127.0.0.1/private/include/" "Mozilla/5.0 (X11; Linux x86_64) AppleWebKit/537.36 (KHTML, like Gecko) Chrome/114.0.0.0 Safari/537.36"
127.0.0.1 - - [09/Jul/2023:23:29:25 +0700] "GET /private/include/cyberblog.php HTTP/1.1" 200 441 "-" "Mozilla/5.0 (X11; Linux x86_64) AppleWebKit/537.36 (KHTML, like Gecko) Chrome/114.0.0.0 Safari/537.36"
::1 - - [09/Jul/2023:23:29:28 +0700] "GET /private/error.log HTTP/1.1" 200 49710 "http://localhost/private/" "Mozilla/5.0 (X11; Linux x86_64) AppleWebKit/537.36 (KHTML, like Gecko) Chrome/114.0.0.0 Safari/537.36"
127.0.0.1 - - [09/Jul/2023:23:30:42 +0700] "GET /private/include/cyberblog.php HTTP/1.1" 200 442 "http://127.0.0.1/private/include/" "Mozilla/5.0 (X11; Linux x86_64) AppleWebKit/537.36 (KHTML, like Gecko) Chrome/114.0.0.0 Safari/537.36"
::1 - - [09/Jul/2023:23:30:44 +0700] "GET /private/error.log HTTP/1.1" 304 250 "http://localhost/private/" "Mozilla/5.0 (X11; Linux x86_64) AppleWebKit/537.36 (KHTML, like Gecko) Chrome/114.0.0.0 Safari/537.36"
127.0.0.1 - - [09/Jul/2023:23:31:18 +0700] "GET /private/include/cyberblog.php HTTP/1.1" 200 456 "http://127.0.0.1/private/include/" "Mozilla/5.0 (X11; Linux x86_64) AppleWebKit/537.36 (KHTML, like Gecko) Chrome/114.0.0.0 Safari/537.36"
127.0.0.1 - - [09/Jul/2023:23:34:46 +0700] "GET /private/include/cyberblog.php HTTP/1.1" 200 488 "http://127.0.0.1/private/include/" "Mozilla/5.0 (X11; Linux x86_64) AppleWebKit/537.36 (KHTML, like Gecko) Chrome/114.0.0.0 Safari/537.36"
::1 - - [09/Jul/2023:23:34:51 +0700] "GET /private/error.log HTTP/1.1" 304 250 "http://localhost/private/" "Mozilla/5.0 (X11; Linux x86_64) AppleWebKit/537.36 (KHTML, like Gecko) Chrome/114.0.0.0 Safari/537.36"
127.0.0.1 - - [09/Jul/2023:23:35:01 +0700] "GET /private/include/cyberblog.php HTTP/1.1" 200 488 "http://127.0.0.1/private/include/" "Mozilla/5.0 (X11; Linux x86_64) AppleWebKit/537.36 (KHTML, like Gecko) Chrome/114.0.0.0 Safari/537.36"
::1 - - [09/Jul/2023:23:35:04 +0700] "GET /private/error.log HTTP/1.1" 304 250 "http://localhost/private/" "Mozilla/5.0 (X11; Linux x86_64) AppleWebKit/537.36 (KHTML, like Gecko) Chrome/114.0.0.0 Safari/537.36"
127.0.0.1 - - [09/Jul/2023:23:35:17 +0700] "GET /private/include/cyberblog.php HTTP/1.1" 200 442 "http://127.0.0.1/private/include/" "Mozilla/5.0 (X11; Linux x86_64) AppleWebKit/537.36 (KHTML, like Gecko) Chrome/114.0.0.0 Safari/537.36"
::1 - - [09/Jul/2023:23:35:20 +0700] "GET /private/error.log HTTP/1.1" 304 250 "http://localhost/private/" "Mozilla/5.0 (X11; Linux x86_64) AppleWebKit/537.36 (KHTML, like Gecko) Chrome/114.0.0.0 Safari/537.36"
127.0.0.1 - - [09/Jul/2023:23:44:53 +0700] "GET /private/include/cyberblog.php HTTP/1.1" 200 442 "http://127.0.0.1/private/include/" "Mozilla/5.0 (X11; Linux x86_64) AppleWebKit/537.36 (KHTML, like Gecko) Chrome/114.0.0.0 Safari/537.36"
::1 - - [09/Jul/2023:23:44:56 +0700] "GET /private/error.log HTTP/1.1" 200 50334 "http://localhost/private/" "Mozilla/5.0 (X11; Linux x86_64) AppleWebKit/537.36 (KHTML, like Gecko) Chrome/114.0.0.0 Safari/537.36"
127.0.0.1 - - [09/Jul/2023:23:45:43 +0700] "GET /private/include/cyberblog.php HTTP/1.1" 200 442 "-" "Mozilla/5.0 (X11; Linux x86_64) AppleWebKit/537.36 (KHTML, like Gecko) Chrome/114.0.0.0 Safari/537.36"
127.0.0.1 - - [09/Jul/2023:23:45:46 +0700] "GET /private/include/cyberblog.php HTTP/1.1" 200 441 "http://127.0.0.1/private/include/" "Mozilla/5.0 (X11; Linux x86_64) AppleWebKit/537.36 (KHTML, like Gecko) Chrome/114.0.0.0 Safari/537.36"
::1 - - [09/Jul/2023:23:45:48 +0700] "GET /private/error.log HTTP/1.1" 304 250 "http://localhost/private/" "Mozilla/5.0 (X11; Linux x86_64) AppleWebKit/537.36 (KHTML, like Gecko) Chrome/114.0.0.0 Safari/537.36"
::1 - - [09/Jul/2023:23:45:51 +0700] "GET /private/error.log HTTP/1.1" 304 249 "http://localhost/private/" "Mozilla/5.0 (X11; Linux x86_64) AppleWebKit/537.36 (KHTML, like Gecko) Chrome/114.0.0.0 Safari/537.36"
127.0.0.1 - - [09/Jul/2023:23:51:47 +0700] "GET /private HTTP/1.1" 301 570 "-" "Mozilla/5.0 (X11; Linux x86_64) AppleWebKit/537.36 (KHTML, like Gecko) Chrome/114.0.0.0 Safari/537.36"
127.0.0.1 - - [09/Jul/2023:23:51:47 +0700] "GET /private/ HTTP/1.1" 200 859 "-" "Mozilla/5.0 (X11; Linux x86_64) AppleWebKit/537.36 (KHTML, like Gecko) Chrome/114.0.0.0 Safari/537.36"
127.0.0.1 - - [09/Jul/2023:23:51:47 +0700] "GET /icons/blank.gif HTTP/1.1" 200 431 "http://127.0.0.1/private/" "Mozilla/5.0 (X11; Linux x86_64) AppleWebKit/537.36 (KHTML, like Gecko) Chrome/114.0.0.0 Safari/537.36"
127.0.0.1 - - [09/Jul/2023:23:51:47 +0700] "GET /icons/back.gif HTTP/1.1" 200 500 "http://127.0.0.1/private/" "Mozilla/5.0 (X11; Linux x86_64) AppleWebKit/537.36 (KHTML, like Gecko) Chrome/114.0.0.0 Safari/537.36"
127.0.0.1 - - [09/Jul/2023:23:51:47 +0700] "GET /icons/unknown.gif HTTP/1.1" 200 528 "http://127.0.0.1/private/" "Mozilla/5.0 (X11; Linux x86_64) AppleWebKit/537.36 (KHTML, like Gecko) Chrome/114.0.0.0 Safari/537.36"
127.0.0.1 - - [09/Jul/2023:23:51:47 +0700] "GET /icons/folder.gif HTTP/1.1" 200 508 "http://127.0.0.1/private/" "Mozilla/5.0 (X11; Linux x86_64) AppleWebKit/537.36 (KHTML, like Gecko) Chrome/114.0.0.0 Safari/537.36"
127.0.0.1 - - [09/Jul/2023:23:51:49 +0700] "GET /private/bootstrap.php HTTP/1.1" 200 202 "http://127.0.0.1/private/" "Mozilla/5.0 (X11; Linux x86_64) AppleWebKit/537.36 (KHTML, like Gecko) Chrome/114.0.0.0 Safari/537.36"
::1 - - [09/Jul/2023:23:51:52 +0700] "GET /private/error.log HTTP/1.1" 200 50954 "http://localhost/private/" "Mozilla/5.0 (X11; Linux x86_64) AppleWebKit/537.36 (KHTML, like Gecko) Chrome/114.0.0.0 Safari/537.36"
127.0.0.1 - - [09/Jul/2023:23:52:48 +0700] "GET /private/bootstrap.php HTTP/1.1" 200 442 "http://127.0.0.1/private/" "Mozilla/5.0 (X11; Linux x86_64) AppleWebKit/537.36 (KHTML, like Gecko) Chrome/114.0.0.0 Safari/537.36"
::1 - - [09/Jul/2023:23:52:50 +0700] "GET /private/error.log HTTP/1.1" 200 51215 "http://localhost/private/" "Mozilla/5.0 (X11; Linux x86_64) AppleWebKit/537.36 (KHTML, like Gecko) Chrome/114.0.0.0 Safari/537.36"
127.0.0.1 - - [09/Jul/2023:23:53:00 +0700] "GET /private/bootstrap.php HTTP/1.1" 200 442 "http://127.0.0.1/private/" "Mozilla/5.0 (X11; Linux x86_64) AppleWebKit/537.36 (KHTML, like Gecko) Chrome/114.0.0.0 Safari/537.36"
::1 - - [09/Jul/2023:23:53:03 +0700] "GET /private/error.log HTTP/1.1" 200 51476 "http://localhost/private/" "Mozilla/5.0 (X11; Linux x86_64) AppleWebKit/537.36 (KHTML, like Gecko) Chrome/114.0.0.0 Safari/537.36"
127.0.0.1 - - [09/Jul/2023:23:55:05 +0700] "GET /private/bootstrap.php HTTP/1.1" 200 442 "http://127.0.0.1/private/" "Mozilla/5.0 (X11; Linux x86_64) AppleWebKit/537.36 (KHTML, like Gecko) Chrome/114.0.0.0 Safari/537.36"
::1 - - [09/Jul/2023:23:55:07 +0700] "GET /private/error.log HTTP/1.1" 200 51736 "http://localhost/private/" "Mozilla/5.0 (X11; Linux x86_64) AppleWebKit/537.36 (KHTML, like Gecko) Chrome/114.0.0.0 Safari/537.36"
127.0.0.1 - - [09/Jul/2023:23:57:51 +0700] "GET /private/bootstrap.php HTTP/1.1" 500 522 "http://127.0.0.1/private/" "Mozilla/5.0 (X11; Linux x86_64) AppleWebKit/537.36 (KHTML, like Gecko) Chrome/114.0.0.0 Safari/537.36"
::1 - - [09/Jul/2023:23:57:53 +0700] "GET /private/error.log HTTP/1.1" 200 52337 "http://localhost/private/" "Mozilla/5.0 (X11; Linux x86_64) AppleWebKit/537.36 (KHTML, like Gecko) Chrome/114.0.0.0 Safari/537.36"
127.0.0.1 - - [10/Jul/2023:00:00:53 +0700] "GET /private/bootstrap.php HTTP/1.1" 500 185 "http://127.0.0.1/private/" "Mozilla/5.0 (X11; Linux x86_64) AppleWebKit/537.36 (KHTML, like Gecko) Chrome/114.0.0.0 Safari/537.36"
::1 - - [10/Jul/2023:00:00:56 +0700] "GET /private/error.log HTTP/1.1" 200 52580 "http://localhost/private/" "Mozilla/5.0 (X11; Linux x86_64) AppleWebKit/537.36 (KHTML, like Gecko) Chrome/114.0.0.0 Safari/537.36"
127.0.0.1 - - [10/Jul/2023:00:01:24 +0700] "GET /private/include/cyberblog.php HTTP/1.1" 500 185 "-" "Mozilla/5.0 (X11; Linux x86_64) AppleWebKit/537.36 (KHTML, like Gecko) Chrome/114.0.0.0 Safari/537.36"
127.0.0.1 - - [10/Jul/2023:00:01:25 +0700] "GET /private/include/cyberblog.php HTTP/1.1" 500 185 "-" "Mozilla/5.0 (X11; Linux x86_64) AppleWebKit/537.36 (KHTML, like Gecko) Chrome/114.0.0.0 Safari/537.36"
127.0.0.1 - - [10/Jul/2023:00:01:25 +0700] "GET /private/include/cyberblog.php HTTP/1.1" 500 185 "-" "Mozilla/5.0 (X11; Linux x86_64) AppleWebKit/537.36 (KHTML, like Gecko) Chrome/114.0.0.0 Safari/537.36"
127.0.0.1 - - [10/Jul/2023:00:01:26 +0700] "GET /private/include/cyberblog.php HTTP/1.1" 500 185 "-" "Mozilla/5.0 (X11; Linux x86_64) AppleWebKit/537.36 (KHTML, like Gecko) Chrome/114.0.0.0 Safari/537.36"
127.0.0.1 - - [10/Jul/2023:00:01:26 +0700] "GET /private/include/cyberblog.php HTTP/1.1" 500 185 "-" "Mozilla/5.0 (X11; Linux x86_64) AppleWebKit/537.36 (KHTML, like Gecko) Chrome/114.0.0.0 Safari/537.36"
127.0.0.1 - - [10/Jul/2023:00:01:26 +0700] "GET /private/include/cyberblog.php HTTP/1.1" 500 185 "-" "Mozilla/5.0 (X11; Linux x86_64) AppleWebKit/537.36 (KHTML, like Gecko) Chrome/114.0.0.0 Safari/537.36"
127.0.0.1 - - [10/Jul/2023:00:01:26 +0700] "GET /private/include/cyberblog.php HTTP/1.1" 500 185 "-" "Mozilla/5.0 (X11; Linux x86_64) AppleWebKit/537.36 (KHTML, like Gecko) Chrome/114.0.0.0 Safari/537.36"
127.0.0.1 - - [10/Jul/2023:00:01:26 +0700] "GET /private/include/cyberblog.php HTTP/1.1" 500 185 "-" "Mozilla/5.0 (X11; Linux x86_64) AppleWebKit/537.36 (KHTML, like Gecko) Chrome/114.0.0.0 Safari/537.36"
127.0.0.1 - - [10/Jul/2023:00:01:27 +0700] "GET /private/include/cyberblog.php HTTP/1.1" 500 185 "-" "Mozilla/5.0 (X11; Linux x86_64) AppleWebKit/537.36 (KHTML, like Gecko) Chrome/114.0.0.0 Safari/537.36"
127.0.0.1 - - [10/Jul/2023:00:01:27 +0700] "GET /private/include/cyberblog.php HTTP/1.1" 500 185 "-" "Mozilla/5.0 (X11; Linux x86_64) AppleWebKit/537.36 (KHTML, like Gecko) Chrome/114.0.0.0 Safari/537.36"
::1 - - [10/Jul/2023:00:01:29 +0700] "GET /private/error.log HTTP/1.1" 200 54650 "http://localhost/private/" "Mozilla/5.0 (X11; Linux x86_64) AppleWebKit/537.36 (KHTML, like Gecko) Chrome/114.0.0.0 Safari/537.36"
127.0.0.1 - - [10/Jul/2023:00:02:16 +0700] "GET /private/include/cyberblog.php HTTP/1.1" 200 442 "-" "Mozilla/5.0 (X11; Linux x86_64) AppleWebKit/537.36 (KHTML, like Gecko) Chrome/114.0.0.0 Safari/537.36"
::1 - - [10/Jul/2023:00:02:18 +0700] "GET /private/error.log HTTP/1.1" 304 250 "http://localhost/private/" "Mozilla/5.0 (X11; Linux x86_64) AppleWebKit/537.36 (KHTML, like Gecko) Chrome/114.0.0.0 Safari/537.36"
127.0.0.1 - - [10/Jul/2023:00:02:20 +0700] "GET /private/bootstrap.php HTTP/1.1" 500 522 "http://127.0.0.1/private/" "Mozilla/5.0 (X11; Linux x86_64) AppleWebKit/537.36 (KHTML, like Gecko) Chrome/114.0.0.0 Safari/537.36"
::1 - - [10/Jul/2023:00:02:23 +0700] "GET /private/error.log HTTP/1.1" 200 55252 "http://localhost/private/" "Mozilla/5.0 (X11; Linux x86_64) AppleWebKit/537.36 (KHTML, like Gecko) Chrome/114.0.0.0 Safari/537.36"
127.0.0.1 - - [10/Jul/2023:00:03:47 +0700] "GET /private/bootstrap.php HTTP/1.1" 500 522 "http://127.0.0.1/private/" "Mozilla/5.0 (X11; Linux x86_64) AppleWebKit/537.36 (KHTML, like Gecko) Chrome/114.0.0.0 Safari/537.36"
::1 - - [10/Jul/2023:00:03:52 +0700] "GET /private/error.log HTTP/1.1" 200 55835 "http://localhost/private/" "Mozilla/5.0 (X11; Linux x86_64) AppleWebKit/537.36 (KHTML, like Gecko) Chrome/114.0.0.0 Safari/537.36"
127.0.0.1 - - [10/Jul/2023:00:04:23 +0700] "GET /private/bootstrap.php HTTP/1.1" 200 442 "http://127.0.0.1/private/" "Mozilla/5.0 (X11; Linux x86_64) AppleWebKit/537.36 (KHTML, like Gecko) Chrome/114.0.0.0 Safari/537.36"
::1 - - [10/Jul/2023:00:04:25 +0700] "GET /private/error.log HTTP/1.1" 200 57546 "http://localhost/private/" "Mozilla/5.0 (X11; Linux x86_64) AppleWebKit/537.36 (KHTML, like Gecko) Chrome/114.0.0.0 Safari/537.36"
127.0.0.1 - - [10/Jul/2023:00:05:00 +0700] "GET /private/bootstrap.php HTTP/1.1" 200 442 "http://127.0.0.1/private/" "Mozilla/5.0 (X11; Linux x86_64) AppleWebKit/537.36 (KHTML, like Gecko) Chrome/114.0.0.0 Safari/537.36"
::1 - - [10/Jul/2023:00:05:02 +0700] "GET /private/error.log HTTP/1.1" 200 58344 "http://localhost/private/" "Mozilla/5.0 (X11; Linux x86_64) AppleWebKit/537.36 (KHTML, like Gecko) Chrome/114.0.0.0 Safari/537.36"
127.0.0.1 - - [10/Jul/2023:00:08:15 +0700] "GET /private/bootstrap.php HTTP/1.1" 200 442 "http://127.0.0.1/private/" "Mozilla/5.0 (X11; Linux x86_64) AppleWebKit/537.36 (KHTML, like Gecko) Chrome/114.0.0.0 Safari/537.36"
::1 - - [10/Jul/2023:00:08:17 +0700] "GET /private/error.log HTTP/1.1" 200 59139 "http://localhost/private/" "Mozilla/5.0 (X11; Linux x86_64) AppleWebKit/537.36 (KHTML, like Gecko) Chrome/114.0.0.0 Safari/537.36"
127.0.0.1 - - [10/Jul/2023:00:09:53 +0700] "GET /private/bootstrap.php HTTP/1.1" 200 442 "http://127.0.0.1/private/" "Mozilla/5.0 (X11; Linux x86_64) AppleWebKit/537.36 (KHTML, like Gecko) Chrome/114.0.0.0 Safari/537.36"
::1 - - [10/Jul/2023:00:09:55 +0700] "GET /private/error.log HTTP/1.1" 200 60001 "http://localhost/private/" "Mozilla/5.0 (X11; Linux x86_64) AppleWebKit/537.36 (KHTML, like Gecko) Chrome/114.0.0.0 Safari/537.36"
::1 - - [10/Jul/2023:14:48:38 +0700] "GET /favicon.ico HTTP/1.1" 304 249 "http://localhost/private/error.log" "Mozilla/5.0 (X11; Linux x86_64) AppleWebKit/537.36 (KHTML, like Gecko) Chrome/114.0.0.0 Safari/537.36"
127.0.0.1 - - [10/Jul/2023:14:49:09 +0700] "GET /favicon.ico HTTP/1.1" 304 249 "http://127.0.0.1/private/include/cyberblog.php" "Mozilla/5.0 (X11; Linux x86_64) AppleWebKit/537.36 (KHTML, like Gecko) Chrome/114.0.0.0 Safari/537.36"
::1 - - [10/Jul/2023:14:49:34 +0700] "GET / HTTP/1.1" 200 721 "-" "Mozilla/5.0 (X11; Linux x86_64) AppleWebKit/537.36 (KHTML, like Gecko) Chrome/114.0.0.0 Safari/537.36"
::1 - - [10/Jul/2023:14:49:34 +0700] "GET /icons/blank.gif HTTP/1.1" 200 431 "http://localhost/" "Mozilla/5.0 (X11; Linux x86_64) AppleWebKit/537.36 (KHTML, like Gecko) Chrome/114.0.0.0 Safari/537.36"
::1 - - [10/Jul/2023:14:49:34 +0700] "GET /icons/image2.gif HTTP/1.1" 200 594 "http://localhost/" "Mozilla/5.0 (X11; Linux x86_64) AppleWebKit/537.36 (KHTML, like Gecko) Chrome/114.0.0.0 Safari/537.36"
::1 - - [10/Jul/2023:14:49:34 +0700] "GET /icons/folder.gif HTTP/1.1" 200 508 "http://localhost/" "Mozilla/5.0 (X11; Linux x86_64) AppleWebKit/537.36 (KHTML, like Gecko) Chrome/114.0.0.0 Safari/537.36"
::1 - - [10/Jul/2023:14:49:37 +0700] "GET /private/ HTTP/1.1" 200 865 "http://localhost/" "Mozilla/5.0 (X11; Linux x86_64) AppleWebKit/537.36 (KHTML, like Gecko) Chrome/114.0.0.0 Safari/537.36"
::1 - - [10/Jul/2023:14:49:37 +0700] "GET /icons/back.gif HTTP/1.1" 200 499 "http://localhost/private/" "Mozilla/5.0 (X11; Linux x86_64) AppleWebKit/537.36 (KHTML, like Gecko) Chrome/114.0.0.0 Safari/537.36"
::1 - - [10/Jul/2023:14:49:37 +0700] "GET /icons/unknown.gif HTTP/1.1" 200 528 "http://localhost/private/" "Mozilla/5.0 (X11; Linux x86_64) AppleWebKit/537.36 (KHTML, like Gecko) Chrome/114.0.0.0 Safari/537.36"
::1 - - [10/Jul/2023:14:49:43 +0700] "GET /private/config.php HTTP/1.1" 200 371 "http://localhost/private/" "Mozilla/5.0 (X11; Linux x86_64) AppleWebKit/537.36 (KHTML, like Gecko) Chrome/114.0.0.0 Safari/537.36"
::1 - - [10/Jul/2023:14:49:47 +0700] "GET /private/bootstrap.php HTTP/1.1" 200 441 "http://localhost/private/" "Mozilla/5.0 (X11; Linux x86_64) AppleWebKit/537.36 (KHTML, like Gecko) Chrome/114.0.0.0 Safari/537.36"
127.0.0.1 - - [10/Jul/2023:14:49:55 +0700] "GET /private/error.log HTTP/1.1" 200 60842 "-" "Mozilla/5.0 (X11; Linux x86_64) AppleWebKit/537.36 (KHTML, like Gecko) Chrome/114.0.0.0 Safari/537.36"
::1 - - [09/Aug/2023:10:08:21 +0700] "GET / HTTP/1.1" 200 721 "-" "Mozilla/5.0 (X11; Linux x86_64) AppleWebKit/537.36 (KHTML, like Gecko) Chrome/115.0.0.0 Safari/537.36"
::1 - - [09/Aug/2023:10:08:21 +0700] "GET /favicon.ico HTTP/1.1" 304 248 "http://localhost/" "Mozilla/5.0 (X11; Linux x86_64) AppleWebKit/537.36 (KHTML, like Gecko) Chrome/115.0.0.0 Safari/537.36"
::1 - - [09/Aug/2023:10:08:24 +0700] "GET /private/ HTTP/1.1" 200 875 "http://localhost/" "Mozilla/5.0 (X11; Linux x86_64) AppleWebKit/537.36 (KHTML, like Gecko) Chrome/115.0.0.0 Safari/537.36"
::1 - - [09/Aug/2023:10:08:25 +0700] "GET /private/access.log HTTP/1.1" 200 139544 "http://localhost/private/" "Mozilla/5.0 (X11; Linux x86_64) AppleWebKit/537.36 (KHTML, like Gecko) Chrome/115.0.0.0 Safari/537.36"
::1 - - [09/Aug/2023:10:08:28 +0700] "GET /private/bootstrap.php HTTP/1.1" 200 441 "http://localhost/private/" "Mozilla/5.0 (X11; Linux x86_64) AppleWebKit/537.36 (KHTML, like Gecko) Chrome/115.0.0.0 Safari/537.36"
::1 - - [09/Aug/2023:10:08:32 +0700] "GET /private/config.php HTTP/1.1" 200 370 "http://localhost/private/" "Mozilla/5.0 (X11; Linux x86_64) AppleWebKit/537.36 (KHTML, like Gecko) Chrome/115.0.0.0 Safari/537.36"
::1 - - [09/Aug/2023:10:08:34 +0700] "GET /private/error.log HTTP/1.1" 200 61682 "http://localhost/private/" "Mozilla/5.0 (X11; Linux x86_64) AppleWebKit/537.36 (KHTML, like Gecko) Chrome/115.0.0.0 Safari/537.36"
::1 - - [09/Aug/2023:10:08:41 +0700] "GET /private/include/ HTTP/1.1" 200 750 "http://localhost/private/" "Mozilla/5.0 (X11; Linux x86_64) AppleWebKit/537.36 (KHTML, like Gecko) Chrome/115.0.0.0 Safari/537.36"
::1 - - [09/Aug/2023:10:08:42 +0700] "GET /private/include/cyberblog.php HTTP/1.1" 200 441 "http://localhost/private/include/" "Mozilla/5.0 (X11; Linux x86_64) AppleWebKit/537.36 (KHTML, like Gecko) Chrome/115.0.0.0 Safari/537.36"
::1 - - [09/Aug/2023:10:08:44 +0700] "GET /private/include/phpseclib/ HTTP/1.1" 200 825 "http://localhost/private/include/" "Mozilla/5.0 (X11; Linux x86_64) AppleWebKit/537.36 (KHTML, like Gecko) Chrome/115.0.0.0 Safari/537.36"
::1 - - [09/Aug/2023:10:08:46 +0700] "GET /private/include/phpseclib/bootstrap.php HTTP/1.1" 200 202 "http://localhost/private/include/phpseclib/" "Mozilla/5.0 (X11; Linux x86_64) AppleWebKit/537.36 (KHTML, like Gecko) Chrome/115.0.0.0 Safari/537.36"
::1 - - [09/Aug/2023:10:08:49 +0700] "GET /private/include/phpseclib/openssl.cnf HTTP/1.1" 200 368 "http://localhost/private/include/phpseclib/" "Mozilla/5.0 (X11; Linux x86_64) AppleWebKit/537.36 (KHTML, like Gecko) Chrome/115.0.0.0 Safari/537.36"
127.0.0.1 - - [09/Aug/2023:10:34:18 +0700] "GET /phpmyadmin/ HTTP/1.1" 200 6106 "-" "Mozilla/5.0 (X11; Linux x86_64; rv:109.0) Gecko/20100101 Firefox/116.0"
127.0.0.1 - - [09/Aug/2023:10:34:18 +0700] "GET /phpmyadmin/themes/pmahomme/css/theme.css?v=5.2.1 HTTP/1.1" 200 63092 "-" "Mozilla/5.0 (X11; Linux x86_64; rv:109.0) Gecko/20100101 Firefox/116.0"
127.0.0.1 - - [09/Aug/2023:10:34:18 +0700] "GET /phpmyadmin/themes/pmahomme/jquery/jquery-ui.css HTTP/1.1" 200 8824 "-" "Mozilla/5.0 (X11; Linux x86_64; rv:109.0) Gecko/20100101 Firefox/116.0"
127.0.0.1 - - [09/Aug/2023:10:34:18 +0700] "GET /phpmyadmin/js/vendor/codemirror/addon/hint/show-hint.css?v=5.2.1 HTTP/1.1" 200 667 "-" "Mozilla/5.0 (X11; Linux x86_64; rv:109.0) Gecko/20100101 Firefox/116.0"
127.0.0.1 - - [09/Aug/2023:10:34:18 +0700] "GET /phpmyadmin/js/dist/name-conflict-fixes.js?v=5.2.1 HTTP/1.1" 200 332 "-" "Mozilla/5.0 (X11; Linux x86_64; rv:109.0) Gecko/20100101 Firefox/116.0"
127.0.0.1 - - [09/Aug/2023:10:34:18 +0700] "GET /phpmyadmin/js/vendor/codemirror/lib/codemirror.css?v=5.2.1 HTTP/1.1" 200 2847 "-" "Mozilla/5.0 (X11; Linux x86_64; rv:109.0) Gecko/20100101 Firefox/116.0"
127.0.0.1 - - [09/Aug/2023:10:34:18 +0700] "GET /phpmyadmin/js/vendor/codemirror/addon/lint/lint.css?v=5.2.1 HTTP/1.1" 200 1634 "-" "Mozilla/5.0 (X11; Linux x86_64; rv:109.0) Gecko/20100101 Firefox/116.0"
127.0.0.1 - - [09/Aug/2023:10:34:18 +0700] "GET /phpmyadmin/js/vendor/sprintf.js?v=5.2.1 HTTP/1.1" 200 2975 "-" "Mozilla/5.0 (X11; Linux x86_64; rv:109.0) Gecko/20100101 Firefox/116.0"
127.0.0.1 - - [09/Aug/2023:10:34:18 +0700] "GET /phpmyadmin/js/dist/ajax.js?v=5.2.1 HTTP/1.1" 200 8158 "-" "Mozilla/5.0 (X11; Linux x86_64; rv:109.0) Gecko/20100101 Firefox/116.0"
127.0.0.1 - - [09/Aug/2023:10:34:18 +0700] "GET /phpmyadmin/js/vendor/jquery/jquery-migrate.min.js?v=5.2.1 HTTP/1.1" 200 5169 "-" "Mozilla/5.0 (X11; Linux x86_64; rv:109.0) Gecko/20100101 Firefox/116.0"
127.0.0.1 - - [09/Aug/2023:10:34:18 +0700] "GET /phpmyadmin/js/dist/keyhandler.js?v=5.2.1 HTTP/1.1" 200 1116 "-" "Mozilla/5.0 (X11; Linux x86_64; rv:109.0) Gecko/20100101 Firefox/116.0"
127.0.0.1 - - [09/Aug/2023:10:34:18 +0700] "GET /phpmyadmin/js/vendor/jquery/jquery.min.js?v=5.2.1 HTTP/1.1" 200 31426 "-" "Mozilla/5.0 (X11; Linux x86_64; rv:109.0) Gecko/20100101 Firefox/116.0"
127.0.0.1 - - [09/Aug/2023:10:34:18 +0700] "GET /phpmyadmin/js/dist/cross_framing_protection.js?v=5.2.1 HTTP/1.1" 200 606 "-" "Mozilla/5.0 (X11; Linux x86_64; rv:109.0) Gecko/20100101 Firefox/116.0"
127.0.0.1 - - [09/Aug/2023:10:34:18 +0700] "GET /phpmyadmin/js/vendor/jquery/jquery.validate.min.js?v=5.2.1 HTTP/1.1" 200 8261 "-" "Mozilla/5.0 (X11; Linux x86_64; rv:109.0) Gecko/20100101 Firefox/116.0"
127.0.0.1 - - [09/Aug/2023:10:34:18 +0700] "GET /phpmyadmin/js/vendor/bootstrap/bootstrap.bundle.min.js?v=5.2.1 HTTP/1.1" 200 23656 "-" "Mozilla/5.0 (X11; Linux x86_64; rv:109.0) Gecko/20100101 Firefox/116.0"
127.0.0.1 - - [09/Aug/2023:10:34:18 +0700] "GET /phpmyadmin/js/vendor/jquery/jquery-ui-timepicker-addon.js?v=5.2.1 HTTP/1.1" 200 19275 "-" "Mozilla/5.0 (X11; Linux x86_64; rv:109.0) Gecko/20100101 Firefox/116.0"
127.0.0.1 - - [09/Aug/2023:10:34:18 +0700] "GET /phpmyadmin/js/vendor/js.cookie.js?v=5.2.1 HTTP/1.1" 200 1869 "-" "Mozilla/5.0 (X11; Linux x86_64; rv:109.0) Gecko/20100101 Firefox/116.0"
127.0.0.1 - - [09/Aug/2023:10:34:18 +0700] "GET /phpmyadmin/js/vendor/jquery/jquery.debounce-1.0.6.js?v=5.2.1 HTTP/1.1" 200 969 "-" "Mozilla/5.0 (X11; Linux x86_64; rv:109.0) Gecko/20100101 Firefox/116.0"
127.0.0.1 - - [09/Aug/2023:10:34:18 +0700] "GET /phpmyadmin/js/dist/menu_resizer.js?v=5.2.1 HTTP/1.1" 200 2270 "-" "Mozilla/5.0 (X11; Linux x86_64; rv:109.0) Gecko/20100101 Firefox/116.0"
127.0.0.1 - - [09/Aug/2023:10:34:18 +0700] "GET /phpmyadmin/js/dist/config.js?v=5.2.1 HTTP/1.1" 200 6717 "-" "Mozilla/5.0 (X11; Linux x86_64; rv:109.0) Gecko/20100101 Firefox/116.0"
127.0.0.1 - - [09/Aug/2023:10:34:18 +0700] "GET /phpmyadmin/js/dist/codemirror/addon/lint/sql-lint.js?v=5.2.1 HTTP/1.1" 200 790 "-" "Mozilla/5.0 (X11; Linux x86_64; rv:109.0) Gecko/20100101 Firefox/116.0"
127.0.0.1 - - [09/Aug/2023:10:34:18 +0700] "GET /phpmyadmin/js/dist/doclinks.js?v=5.2.1 HTTP/1.1" 200 4081 "-" "Mozilla/5.0 (X11; Linux x86_64; rv:109.0) Gecko/20100101 Firefox/116.0"
127.0.0.1 - - [09/Aug/2023:10:34:18 +0700] "GET /phpmyadmin/js/dist/indexes.js?v=5.2.1 HTTP/1.1" 200 6653 "-" "Mozilla/5.0 (X11; Linux x86_64; rv:109.0) Gecko/20100101 Firefox/116.0"
127.0.0.1 - - [09/Aug/2023:10:34:18 +0700] "GET /phpmyadmin/js/dist/page_settings.js?v=5.2.1 HTTP/1.1" 200 1020 "-" "Mozilla/5.0 (X11; Linux x86_64; rv:109.0) Gecko/20100101 Firefox/116.0"
127.0.0.1 - - [09/Aug/2023:10:34:18 +0700] "GET /phpmyadmin/js/dist/navigation.js?v=5.2.1 HTTP/1.1" 200 11797 "-" "Mozilla/5.0 (X11; Linux x86_64; rv:109.0) Gecko/20100101 Firefox/116.0"
127.0.0.1 - - [09/Aug/2023:10:34:18 +0700] "GET /phpmyadmin/js/messages.php?l=en&v=5.2.1&lang=en HTTP/1.1" 200 8224 "-" "Mozilla/5.0 (X11; Linux x86_64; rv:109.0) Gecko/20100101 Firefox/116.0"
127.0.0.1 - - [09/Aug/2023:10:34:18 +0700] "GET /phpmyadmin/js/dist/common.js?v=5.2.1 HTTP/1.1" 200 1885 "-" "Mozilla/5.0 (X11; Linux x86_64; rv:109.0) Gecko/20100101 Firefox/116.0"
127.0.0.1 - - [09/Aug/2023:10:34:18 +0700] "GET /phpmyadmin/js/dist/functions.js?v=5.2.1 HTTP/1.1" 200 38345 "-" "Mozilla/5.0 (X11; Linux x86_64; rv:109.0) Gecko/20100101 Firefox/116.0"
127.0.0.1 - - [09/Aug/2023:10:34:18 +0700] "GET /phpmyadmin/js/vendor/codemirror/mode/sql/sql.js?v=5.2.1 HTTP/1.1" 200 17185 "-" "Mozilla/5.0 (X11; Linux x86_64; rv:109.0) Gecko/20100101 Firefox/116.0"
127.0.0.1 - - [09/Aug/2023:10:34:18 +0700] "GET /phpmyadmin/js/vendor/jquery/jquery-ui.min.js?v=5.2.1 HTTP/1.1" 200 68341 "-" "Mozilla/5.0 (X11; Linux x86_64; rv:109.0) Gecko/20100101 Firefox/116.0"
127.0.0.1 - - [09/Aug/2023:10:34:18 +0700] "GET /phpmyadmin/js/vendor/codemirror/addon/runmode/runmode.js?v=5.2.1 HTTP/1.1" 200 1495 "-" "Mozilla/5.0 (X11; Linux x86_64; rv:109.0) Gecko/20100101 Firefox/116.0"
127.0.0.1 - - [09/Aug/2023:10:34:18 +0700] "GET /phpmyadmin/js/vendor/codemirror/lib/codemirror.js?v=5.2.1 HTTP/1.1" 200 107220 "-" "Mozilla/5.0 (X11; Linux x86_64; rv:109.0) Gecko/20100101 Firefox/116.0"
127.0.0.1 - - [09/Aug/2023:10:34:18 +0700] "GET /phpmyadmin/js/vendor/codemirror/addon/hint/sql-hint.js?v=5.2.1 HTTP/1.1" 200 3097 "-" "Mozilla/5.0 (X11; Linux x86_64; rv:109.0) Gecko/20100101 Firefox/116.0"
127.0.0.1 - - [09/Aug/2023:10:34:18 +0700] "GET /phpmyadmin/js/vendor/codemirror/addon/lint/lint.js?v=5.2.1 HTTP/1.1" 200 3313 "-" "Mozilla/5.0 (X11; Linux x86_64; rv:109.0) Gecko/20100101 Firefox/116.0"
127.0.0.1 - - [09/Aug/2023:10:34:18 +0700] "GET /phpmyadmin/js/vendor/codemirror/addon/hint/show-hint.js?v=5.2.1 HTTP/1.1" 200 5883 "-" "Mozilla/5.0 (X11; Linux x86_64; rv:109.0) Gecko/20100101 Firefox/116.0"
127.0.0.1 - - [09/Aug/2023:10:34:18 +0700] "GET /phpmyadmin/js/dist/error_report.js?v=5.2.1 HTTP/1.1" 200 3028 "-" "Mozilla/5.0 (X11; Linux x86_64; rv:109.0) Gecko/20100101 Firefox/116.0"
127.0.0.1 - - [09/Aug/2023:10:34:18 +0700] "GET /phpmyadmin/js/vendor/tracekit.js?v=5.2.1 HTTP/1.1" 200 11956 "-" "Mozilla/5.0 (X11; Linux x86_64; rv:109.0) Gecko/20100101 Firefox/116.0"
127.0.0.1 - - [09/Aug/2023:10:34:18 +0700] "GET /phpmyadmin/themes/dot.gif HTTP/1.1" 200 325 "-" "Mozilla/5.0 (X11; Linux x86_64; rv:109.0) Gecko/20100101 Firefox/116.0"
127.0.0.1 - - [09/Aug/2023:10:34:18 +0700] "GET /phpmyadmin/themes/pmahomme/img/logo_right.png HTTP/1.1" 200 4592 "-" "Mozilla/5.0 (X11; Linux x86_64; rv:109.0) Gecko/20100101 Firefox/116.0"
127.0.0.1 - - [09/Aug/2023:10:34:18 +0700] "GET /phpmyadmin/js/dist/drag_drop_import.js?v=5.2.1 HTTP/1.1" 200 3800 "-" "Mozilla/5.0 (X11; Linux x86_64; rv:109.0) Gecko/20100101 Firefox/116.0"
127.0.0.1 - - [09/Aug/2023:10:34:18 +0700] "GET /phpmyadmin/js/dist/shortcuts_handler.js?v=5.2.1 HTTP/1.1" 200 1184 "-" "Mozilla/5.0 (X11; Linux x86_64; rv:109.0) Gecko/20100101 Firefox/116.0"
127.0.0.1 - - [09/Aug/2023:10:34:18 +0700] "GET /phpmyadmin/js/dist/console.js?v=5.2.1 HTTP/1.1" 200 10529 "-" "Mozilla/5.0 (X11; Linux x86_64; rv:109.0) Gecko/20100101 Firefox/116.0"
127.0.0.1 - - [09/Aug/2023:10:34:19 +0700] "GET /phpmyadmin/favicon.ico HTTP/1.1" 200 22788 "-" "Mozilla/5.0 (X11; Linux x86_64; rv:109.0) Gecko/20100101 Firefox/116.0"
